// Jest Snapshot v1, https://goo.gl/fbAQLP

exports[`maxBuildTime global 1`] = `
Array [
  Object {
    "compilation": "c6133ad65823403ee6df",
    "details": Array [
      Object {
        "payload": Object {
          "context": Object {
            "buildTime": 418,
            "buildTimeOK": false,
            "compilation": "c6133ad65823403ee6df",
            "rule": 1,
          },
        },
        "query": "
            $input: resolveInputFile();
            {
              entry: #.entry.resolveEntrypoint(#.compilation),
              useCompressedSize: #.useCompressedSize,
              downloadTime: #.downloadTime,
              initialDownloadTime: #.initialDownloadTime,
              asyncDownloadTime: #.asyncDownloadTime,
              rule: #.rule,
            }
            ",
        "type": "discovery",
      },
    ],
    "filename": "input.json",
    "message": "Compilation \\"c6133ad\\": Build time is 418 ms. It's over the 1 ms limit",
    "related": Array [
      Object {
        "id": "c6133ad65823403ee6df",
        "type": "compilation",
      },
    ],
  },
]
`;

exports[`maxBuildTime not match - global 1`] = `Array []`;
