// Jest Snapshot v1, https://goo.gl/fbAQLP

exports[`maxBuildTimeDiff global 1`] = `
Array [
  Object {
    "compilation": "13150ee616278b6770b8",
    "details": Array [
      Object {
        "payload": Object {
          "context": Object {
            "diff": Object {
              "absolute": 337,
              "ok": false,
              "percent": 80.622009569378,
            },
            "rule": Object {
              "number": 1,
              "type": "absolute",
            },
            "slowestInputCompilation": "13150ee616278b6770b8",
            "slowestReferenceCompilation": "c6133ad65823403ee6df",
          },
        },
        "query": "
            {
              slowestInputCompilation: #.slowestInputCompilation.resolveStat().compilation,
              slowestReferenceCompilation: #.slowestReferenceCompilation.resolveStat().compilation,
              rule: #.rule,
              diff: #.diff,
            }
            ",
        "type": "discovery",
      },
    ],
    "filename": "input.json",
    "message": "Entry \\"13150ee\\": Build time diff is 755 ms (80.62%). It's over the 1 ms limit",
    "related": Array [
      Object {
        "id": "13150ee616278b6770b8",
        "type": "compilation",
      },
    ],
  },
]
`;

exports[`maxBuildTimeDiff not match - global 1`] = `Array []`;
