// Jest Snapshot v1, https://goo.gl/fbAQLP

exports[`extractModulePackages 1`] = `
Array [
  Object {
    "instances": Array [
      Object {
        "modules": Array [
          "node_modules/is-array/index.js",
        ],
        "reasons": Array [
          Object {
            "data": "simple/src/index.ts",
            "type": "module",
          },
          Object {
            "data": "simple/src/index2.ts",
            "type": "module",
          },
        ],
      },
    ],
    "name": "is-array",
  },
  Object {
    "instances": Array [
      Object {
        "modules": Array [
          "simple/node_modules/foo/index.js",
        ],
        "reasons": Array [
          Object {
            "data": "simple/src/sub-module.ts",
            "type": "module",
          },
        ],
      },
    ],
    "name": "foo",
  },
  Object {
    "instances": Array [
      Object {
        "modules": Array [
          "simple/node_modules/bar/index.js",
        ],
        "reasons": Array [
          Object {
            "data": "simple/src/sub-module.ts",
            "type": "module",
          },
        ],
      },
      Object {
        "modules": Array [
          "simple/node_modules/foo/node_modules/bar/index.js",
        ],
        "reasons": Array [
          Object {
            "data": "simple/src/index.ts",
            "type": "module",
          },
          Object {
            "data": "simple/node_modules/foo/index.js",
            "type": "module",
          },
        ],
      },
    ],
    "name": "bar",
  },
  Object {
    "instances": Array [
      Object {
        "modules": Array [
          "node_modules/css-loader/dist/runtime/api.js",
          "node_modules/css-loader/dist/runtime/getUrl.js",
        ],
        "reasons": Array [
          Object {
            "data": "simple/src/index2.css",
            "type": "module",
          },
        ],
      },
    ],
    "name": "css-loader",
  },
]
`;
