// Jest Snapshot v1, https://goo.gl/fbAQLP

exports[`moduleReasonResource should work 1`] = `
Array [
  Object {
    "after": null,
    "before": null,
  },
  Object {
    "after": null,
    "before": null,
  },
  Object {
    "after": "simple/src/index.ts",
    "before": "./simple/src/index.ts + 3 modules",
  },
  Object {
    "after": "simple/src/index.ts",
    "before": "./simple/src/index.ts + 3 modules",
  },
  Object {
    "after": "simple/src/index2.ts",
    "before": "./simple/src/index2.ts + 1 modules",
  },
  Object {
    "after": "simple/src/index2.ts",
    "before": "./simple/src/index2.ts + 1 modules",
  },
  Object {
    "after": "node_modules/is-array/index.js",
    "before": "./node_modules/is-array/index.js",
  },
  Object {
    "after": "simple/src/index.ts",
    "before": "./simple/src/index.ts",
  },
  Object {
    "after": "simple/src/index.ts",
    "before": "./simple/src/index.ts",
  },
  Object {
    "after": "simple/src/index2.ts",
    "before": "./simple/src/index2.ts + 1 modules",
  },
  Object {
    "after": "simple/src/index2.ts",
    "before": "./simple/src/index2.ts + 1 modules",
  },
  Object {
    "after": "simple/src/index2.ts",
    "before": "./simple/src/index2.ts",
  },
  Object {
    "after": "simple/src/index2.ts",
    "before": "./simple/src/index2.ts + 1 modules",
  },
  Object {
    "after": "simple/src/index2.ts",
    "before": "./simple/src/index2.ts + 1 modules",
  },
  Object {
    "after": "simple/src/sub-module.ts",
    "before": "./simple/src/sub-module.ts",
  },
  Object {
    "after": "simple/src/sub-module.ts",
    "before": "./simple/src/sub-module.ts",
  },
  Object {
    "after": "simple/src/sub-module.ts",
    "before": "./simple/src/sub-module.ts",
  },
  Object {
    "after": "simple/src/sub-module.ts",
    "before": "./simple/src/sub-module.ts",
  },
  Object {
    "after": "simple/src/index2.css",
    "before": "./simple/src/index2.css",
  },
  Object {
    "after": "simple/src/index2.css",
    "before": "./simple/src/index2.css",
  },
  Object {
    "after": "node_modules/css-loader/dist/runtime/api.js",
    "before": "./node_modules/css-loader/dist/runtime/api.js",
  },
  Object {
    "after": "simple/src/index2.css",
    "before": "./simple/src/index2.css",
  },
  Object {
    "after": "simple/src/index2.css",
    "before": "./simple/src/index2.css",
  },
  Object {
    "after": "node_modules/css-loader/dist/runtime/getUrl.js",
    "before": "./node_modules/css-loader/dist/runtime/getUrl.js",
  },
  Object {
    "after": "simple/src/index2.css",
    "before": "./simple/src/index2.css",
  },
  Object {
    "after": "simple/src/index2.css",
    "before": "./simple/src/index2.css",
  },
  Object {
    "after": "simple/src/index.ts",
    "before": "./simple/src/index.ts + 3 modules",
  },
  Object {
    "after": "simple/node_modules/foo/index.js",
    "before": "./simple/node_modules/foo/index.js",
  },
  Object {
    "after": null,
    "before": "",
  },
  Object {
    "after": null,
    "before": "",
  },
  Object {
    "after": "simple/src/index2.ts",
    "before": "./simple/src/index2.ts",
  },
  Object {
    "after": null,
    "before": "",
  },
  Object {
    "after": null,
    "before": "",
  },
]
`;

exports[`moduleResource should work 1`] = `
Array [
  Object {
    "after": "simple/src/index.ts",
    "before": "./simple/src/index.ts + 3 modules",
  },
  Object {
    "after": "simple/src/index2.ts",
    "before": "./simple/src/index2.ts + 1 modules",
  },
  Object {
    "after": "node_modules/is-array/index.js",
    "before": "./node_modules/is-array/index.js",
  },
  Object {
    "after": "simple/src/sub-module.ts",
    "before": "./simple/src/sub-module.ts",
  },
  Object {
    "after": "simple/src/index2.css",
    "before": "./simple/src/index2.css",
  },
  Object {
    "after": "external \\"extLib\\"",
    "before": "external \\"extLib\\"",
  },
  Object {
    "after": "simple/src/test.txt",
    "before": "./simple/src/test.txt",
  },
  Object {
    "after": "simple/src/dyn.ts",
    "before": "./simple/src/dyn.ts",
  },
  Object {
    "after": "simple/node_modules/foo/index.js",
    "before": "./simple/node_modules/foo/index.js",
  },
  Object {
    "after": "simple/node_modules/bar/index.js",
    "before": "./simple/node_modules/bar/index.js",
  },
  Object {
    "after": "node_modules/css-loader/dist/runtime/api.js",
    "before": "./node_modules/css-loader/dist/runtime/api.js",
  },
  Object {
    "after": "node_modules/css-loader/dist/runtime/getUrl.js",
    "before": "./node_modules/css-loader/dist/runtime/getUrl.js",
  },
  Object {
    "after": "simple/src/statoscope.png",
    "before": "./simple/src/statoscope.png",
  },
  Object {
    "after": "simple/node_modules/foo/node_modules/bar/index.js",
    "before": "./simple/node_modules/foo/node_modules/bar/index.js",
  },
  Object {
    "after": "webpack/runtime/chunk loaded",
    "before": "webpack/runtime/chunk loaded",
  },
  Object {
    "after": "webpack/runtime/chunk loaded",
    "before": "webpack/runtime/chunk loaded",
  },
  Object {
    "after": "webpack/runtime/compat get default export",
    "before": "webpack/runtime/compat get default export",
  },
  Object {
    "after": "webpack/runtime/compat get default export",
    "before": "webpack/runtime/compat get default export",
  },
  Object {
    "after": "webpack/runtime/define property getters",
    "before": "webpack/runtime/define property getters",
  },
  Object {
    "after": "webpack/runtime/define property getters",
    "before": "webpack/runtime/define property getters",
  },
  Object {
    "after": "webpack/runtime/ensure chunk",
    "before": "webpack/runtime/ensure chunk",
  },
  Object {
    "after": "webpack/runtime/get javascript chunk filename",
    "before": "webpack/runtime/get javascript chunk filename",
  },
  Object {
    "after": "webpack/runtime/global",
    "before": "webpack/runtime/global",
  },
  Object {
    "after": "webpack/runtime/hasOwnProperty shorthand",
    "before": "webpack/runtime/hasOwnProperty shorthand",
  },
  Object {
    "after": "webpack/runtime/hasOwnProperty shorthand",
    "before": "webpack/runtime/hasOwnProperty shorthand",
  },
  Object {
    "after": "webpack/runtime/jsonp chunk loading",
    "before": "webpack/runtime/jsonp chunk loading",
  },
  Object {
    "after": "webpack/runtime/jsonp chunk loading",
    "before": "webpack/runtime/jsonp chunk loading",
  },
  Object {
    "after": "webpack/runtime/load script",
    "before": "webpack/runtime/load script",
  },
  Object {
    "after": "webpack/runtime/make namespace object",
    "before": "webpack/runtime/make namespace object",
  },
  Object {
    "after": "webpack/runtime/make namespace object",
    "before": "webpack/runtime/make namespace object",
  },
  Object {
    "after": "webpack/runtime/publicPath",
    "before": "webpack/runtime/publicPath",
  },
]
`;

exports[`nodeModule should work 1`] = `
Object {
  "isRoot": true,
  "name": "foo",
  "path": "./node_modules/foo",
}
`;

exports[`nodeModule should work 2`] = `
Object {
  "isRoot": true,
  "name": "@foo/bar",
  "path": "./node_modules/@foo/bar",
}
`;

exports[`nodeModule should work 3`] = `
Object {
  "isRoot": false,
  "name": "bar",
  "path": "./node_modules/foo/node_modules/bar",
}
`;

exports[`nodeModule should work 4`] = `
Object {
  "isRoot": false,
  "name": "@bar/baz",
  "path": "./node_modules/foo/node_modules/@bar/baz",
}
`;

exports[`nodeModule should work 5`] = `
Object {
  "isRoot": false,
  "name": "@baz/quux",
  "path": "./node_modules/@foo/bar/node_modules/@baz/quux",
}
`;
